<html>
<body>
<pre>
<h1>礦ision Build Log</h1>
<h2>Tool Versions:</h2>
IDE-Version: μVision V5.26.2.0
Copyright (C) 2018 ARM Ltd and ARM Germany GmbH. All rights reserved.
License Information: a a'a'a, a, LIC=LJW8T-RRU7Q-X9IG0-BZEJX-JCCL9-9WJG4
 
Tool Versions:
Toolchain:       MDK-ARM Professional  Version: 5.26.2.0
Toolchain Path:  G:\其他不常用软件\ARM\ARMCC\Bin
C Compiler:      Armcc.exe V5.06 update 6 (build 750)
Assembler:       Armasm.exe V5.06 update 6 (build 750)
Linker/Locator:  ArmLink.exe V5.06 update 6 (build 750)
Library Manager: ArmAr.exe V5.06 update 6 (build 750)
Hex Converter:   FromElf.exe V5.06 update 6 (build 750)
CPU DLL:         SARMCM3.DLL V5.26.2.0
Dialog DLL:      DARMCM1.DLL V1.19.1.0
Target DLL:      Segger\JL2CM3.dll V2.99.31.0
Dialog DLL:      TARMCM1.DLL V1.14.0.0
 
<h2>Project:</h2>
F:\大二智能车\智能车 大二下\EE\直立车程序\省赛的程序\2018 7.13  18.50\Projecct\MDK\KEA128.uvprojx
Project File Date:  09/17/2018

<h2>Output:</h2>
*** Using Compiler 'V5.06 update 6 (build 750)', folder: 'G:\其他不常用软件\ARM\ARMCC\Bin'
Build target 'KEA128'
assembling startup_SKEAZ1284.s...
compiling system_SKEAZ1284.c...
compiling misc.c...
compiling common.c...
compiling KEA128_adc.c...
compiling KEA128_flash.c...
compiling KEA128_gpio.c...
compiling KEA128_ftm.c...
compiling KEA128_irq.c...
compiling KEA128_kbi.c...
compiling KEA128_port.c...
compiling KEA128_pit.c...
compiling KEA128_uart.c...
compiling KEA128_systick.c...
compiling KEA128_i2c.c...
compiling KEA128_spi.c...
compiling font.c...
compiling SEEKFREE_FUN.c...
compiling SEEKFREE_IIC.c...
compiling isr.c...
compiling All_Init.c...
..\USER\src\All_Init.c(110): warning:  #1-D: last line of file ends without a newline
   
..\USER\src\All_Init.c: 1 warning, 0 errors
compiling main.c...
compiling FXAS21002C.c...
compiling Control.c...
compiling FXOS8700CQR1.c...
compiling key.c...
compiling My_DataSend.c...
compiling menu.c...
compiling oled.c...
compiling Path_Processing_Inductance.c...
compiling kalman.c...
compiling Calculate.c...
..\USER\src\Calculate.c(21): warning:  #1-D: last line of file ends without a newline
   										
..\USER\src\Calculate.c: 1 warning, 0 errors
compiling fuzzy.c...
linking...
Program Size: Code=29664 RO-data=1744 RW-data=1948 ZI-data=2476  
".\Objects\KEA128.axf" - 0 Error(s), 2 Warning(s).

<h2>Software Packages used:</h2>

Package Vendor: Keil
                http://www.keil.com/pack/Keil.Kinetis_KEAxx_DFP.1.3.0.pack
                Keil.Kinetis_KEAxx_DFP.1.3.0
                NXP Kinetis KEAxx Series Device Support and Examples

<h2>Collection of Component include folders:</h2>
  .\RTE\_KEA128
  G:\其他不常用软件\ARM\PACK\Keil\Kinetis_KEAxx_DFP\1.3.0\Device\Include

<h2>Collection of Component Files used:</h2>
Build Time Elapsed:  00:00:11
</pre>
</body>
</html>
