Component: ARM Compiler 5.06 update 6 (build 750) Tool: armlink [4d35ed]

==============================================================================

Section Cross References

    startup_skeaz1284.o(RESET) refers to startup_skeaz1284.o(STACK) for __initial_sp
    startup_skeaz1284.o(RESET) refers to startup_skeaz1284.o(.text) for Reset_Handler
    startup_skeaz1284.o(RESET) refers to system_skeaz1284.o(i.NMI_Handler) for NMI_Handler
    startup_skeaz1284.o(RESET) refers to isr.o(i.IRQ_IRQHandler) for IRQ_IRQHandler
    startup_skeaz1284.o(RESET) refers to control.o(i.PIT_CH0_IRQHandler) for PIT_CH0_IRQHandler
    startup_skeaz1284.o(RESET) refers to isr.o(i.PIT_CH1_IRQHandler) for PIT_CH1_IRQHandler
    startup_skeaz1284.o(RESET) refers to isr.o(i.KBI0_IRQHandler) for KBI0_IRQHandler
    startup_skeaz1284.o(.text) refers to system_skeaz1284.o(i.Start) for Start
    startup_skeaz1284.o(.text) refers to entry.o(.ARM.Collect$$$$00000000) for __main
    system_skeaz1284.o(i.Start) refers to system_skeaz1284.o(i.disable_wdog) for disable_wdog
    common.o(i.get_clk) refers to memcpya.o(.text) for __aeabi_memcpy4
    common.o(i.get_clk) refers to uidiv.o(.text) for __aeabi_uidivmod
    common.o(i.get_clk) refers to common.o(.constdata) for .constdata
    common.o(i.get_clk) refers to common.o(.data) for ics_clk_khz
    kea128_adc.o(i.Mean_Value_Filtering) refers to memseta.o(.text) for __aeabi_memclr4
    kea128_adc.o(i.Mean_Value_Filtering) refers to kea128_adc.o(i.adc_once) for adc_once
    kea128_adc.o(i.Mean_Value_Filtering) refers to idiv.o(.text) for __aeabi_idivmod
    kea128_flash.o(i.FLASH_EraseSector) refers to kea128_flash.o(i.FlashCmdStart) for FlashCmdStart
    kea128_flash.o(i.FLASH_Init) refers to uidiv.o(.text) for __aeabi_uidivmod
    kea128_flash.o(i.FLASH_Init) refers to common.o(.data) for bus_clk_khz
    kea128_flash.o(i.FLASH_WriteSector) refers to kea128_flash.o(i.FlashCmdStart) for FlashCmdStart
    kea128_flash.o(i.FlashCmdStart) refers to kea128_flash.o(.data) for s_flash_command_run
    kea128_ftm.o(i.ftm_count_clean) refers to kea128_ftm.o(.constdata) for FTMX
    kea128_ftm.o(i.ftm_count_get) refers to kea128_ftm.o(.constdata) for FTMX
    kea128_ftm.o(i.ftm_count_init) refers to kea128_ftm.o(i.ftm_count_mux) for ftm_count_mux
    kea128_ftm.o(i.ftm_count_init) refers to kea128_ftm.o(.constdata) for FTMX
    kea128_ftm.o(i.ftm_count_mux) refers to kea128_port.o(i.port_pull) for port_pull
    kea128_ftm.o(i.ftm_pwm_duty) refers to uidiv.o(.text) for __aeabi_uidivmod
    kea128_ftm.o(i.ftm_pwm_duty) refers to kea128_ftm.o(.data) for period
    kea128_ftm.o(i.ftm_pwm_duty) refers to kea128_ftm.o(.constdata) for FTMX
    kea128_ftm.o(i.ftm_pwm_freq) refers to uidiv.o(.text) for __aeabi_uidivmod
    kea128_ftm.o(i.ftm_pwm_freq) refers to common.o(.data) for ftm_clk_khz
    kea128_ftm.o(i.ftm_pwm_freq) refers to kea128_ftm.o(.data) for period
    kea128_ftm.o(i.ftm_pwm_freq) refers to kea128_ftm.o(.constdata) for FTMX
    kea128_ftm.o(i.ftm_pwm_init) refers to kea128_ftm.o(i.ftm_pwm_mux) for ftm_pwm_mux
    kea128_ftm.o(i.ftm_pwm_init) refers to uidiv.o(.text) for __aeabi_uidivmod
    kea128_ftm.o(i.ftm_pwm_init) refers to common.o(.data) for ftm_clk_khz
    kea128_ftm.o(i.ftm_pwm_init) refers to kea128_ftm.o(.data) for period
    kea128_ftm.o(i.ftm_pwm_init) refers to kea128_ftm.o(.constdata) for FTMX
    kea128_ftm.o(i.ftm_pwm_mux) refers to kea128_ftm.o(i.__ARM_common_switch8) for __ARM_common_switch8
    kea128_gpio.o(i.gpio_ddr) refers to kea128_gpio.o(.constdata) for GPIOX
    kea128_gpio.o(i.gpio_get) refers to kea128_gpio.o(.constdata) for GPIOX
    kea128_gpio.o(i.gpio_init) refers to kea128_gpio.o(.constdata) for GPIOX
    kea128_gpio.o(i.gpio_set) refers to kea128_gpio.o(.constdata) for GPIOX
    kea128_gpio.o(i.gpio_turn) refers to kea128_gpio.o(.constdata) for GPIOX
    kea128_irq.o(i.irq_init) refers to kea128_systick.o(i.systick_delay_ms) for systick_delay_ms
    kea128_kbi.o(i.kbi_init) refers to kea128_port.o(i.port_pull) for port_pull
    kea128_kbi.o(i.kbi_init) refers to kea128_kbi.o(.data) for kbi
    kea128_uart.o(i.fputc) refers to kea128_uart.o(i.uart_putchar) for uart_putchar
    kea128_uart.o(i.uart_getchar) refers to kea128_uart.o(.data) for uart
    kea128_uart.o(i.uart_init) refers to kea128_uart.o(i.uart_mux) for uart_mux
    kea128_uart.o(i.uart_init) refers to uidiv.o(.text) for __aeabi_uidivmod
    kea128_uart.o(i.uart_init) refers to kea128_uart.o(.data) for uart
    kea128_uart.o(i.uart_init) refers to common.o(.data) for bus_clk_khz
    kea128_uart.o(i.uart_mux) refers to kea128_port.o(i.port_pull) for port_pull
    kea128_uart.o(i.uart_putbuff) refers to kea128_uart.o(i.uart_putchar) for uart_putchar
    kea128_uart.o(i.uart_putchar) refers to kea128_uart.o(.data) for uart
    kea128_uart.o(i.uart_putstr) refers to kea128_uart.o(i.uart_putchar) for uart_putchar
[...]
    i.Cascade_Control_Inside                 0x00000cc8   Section        0  control.o(i.Cascade_Control_Inside)
    i.Cascade_Control_Outside                0x00000d20   Section        0  control.o(i.Cascade_Control_Outside)
    i.Circle_Judge                           0x00000df8   Section        0  path_processing_inductance.o(i.Circle_Judge)
    i.Deviate_Revise                         0x00000e64   Section        0  path_processing_inductance.o(i.Deviate_Revise)
    i.DirectionControl                       0x00000ea4   Section        0  control.o(i.DirectionControl)
    i.DirectionControl_Inside                0x00001d3c   Section        0  control.o(i.DirectionControl_Inside)
    i.EncoderInit                            0x00001e2c   Section        0  all_init.o(i.EncoderInit)
    i.FLASH_EraseSector                      0x00001e68   Section        0  kea128_flash.o(i.FLASH_EraseSector)
    i.FLASH_Init                             0x00001e98   Section        0  kea128_flash.o(i.FLASH_Init)
    i.FLASH_WriteSector                      0x00001ee4   Section        0  kea128_flash.o(i.FLASH_WriteSector)
    i.FM_Control                             0x00001f54   Section        0  path_processing_inductance.o(i.FM_Control)
    i.FM_Turn                                0x00001fb4   Section        0  key.o(i.FM_Turn)
    i.FXAS21002C_GetResult                   0x00001fdc   Section        0  fxas21002c.o(i.FXAS21002C_GetResult)
    i.FXAS21002C_Init                        0x00002008   Section        0  fxas21002c.o(i.FXAS21002C_Init)
    i.FXAS21002C_XYZ                         0x0000204c   Section        0  fxas21002c.o(i.FXAS21002C_XYZ)
    i.FXOS8700CQR1_GetResult                 0x00002088   Section        0  fxos8700cqr1.o(i.FXOS8700CQR1_GetResult)
    i.FXOS8700CQR1_Init                      0x000020b4   Section        0  fxos8700cqr1.o(i.FXOS8700CQR1_Init)
    i.FXOS8700CQR1_XYZ                       0x0000213c   Section        0  fxos8700cqr1.o(i.FXOS8700CQR1_XYZ)
    i.FlashCmdStart                          0x00002178   Section        0  kea128_flash.o(i.FlashCmdStart)
    i.Get_iErrordirect                       0x000021d4   Section        0  path_processing_inductance.o(i.Get_iErrordirect)
    i.IIC_init                               0x000021ec   Section        0  seekfree_iic.o(i.IIC_init)
    i.IIC_stop                               0x00002210   Section        0  seekfree_iic.o(i.IIC_stop)
    i.IRQ_IRQHandler                         0x00002240   Section        0  isr.o(i.IRQ_IRQHandler)
    i.IncPIDCalc_Inside                      0x00002254   Section        0  control.o(i.IncPIDCalc_Inside)
    i.IncPIDCalc_Outside                     0x000022b4   Section        0  control.o(i.IncPIDCalc_Outside)
    i.Inductance_GetConversionValue          0x000026e0   Section        0  control.o(i.Inductance_GetConversionValue)
    i.Inductance_Init                        0x000027d8   Section        0  all_init.o(i.Inductance_Init)
    i.Island_Revise                          0x000027f4   Section        0  path_processing_inductance.o(i.Island_Revise)
    i.KBI0_IRQHandler                        0x00002e4c   Section        0  isr.o(i.KBI0_IRQHandler)
    i.KEY_Init                               0x00002e60   Section        0  key.o(i.KEY_Init)
    i.Kaman_Gyroscope                        0x00002ed0   Section        0  kalman.o(i.Kaman_Gyroscope)
    i.Live_Transmission_1                    0x00002f64   Section        0  my_datasend.o(i.Live_Transmission_1)
    i.Live_Transmission_APP                  0x00002f70   Section        0  my_datasend.o(i.Live_Transmission_APP)
    i.Mean_Value_Filtering                   0x00003000   Section        0  kea128_adc.o(i.Mean_Value_Filtering)
    i.NVIC_DisableIRQ                        0x00003084   Section        0  all_init.o(i.NVIC_DisableIRQ)
    NVIC_DisableIRQ                          0x00003085   Thumb Code    14  all_init.o(i.NVIC_DisableIRQ)
    i.NVIC_EnableIRQ                         0x00003098   Section        0  main.o(i.NVIC_EnableIRQ)
    NVIC_EnableIRQ                           0x00003099   Thumb Code    14  main.o(i.NVIC_EnableIRQ)
    i.NVIC_SetPriority                       0x000030ac   Section        0  all_init.o(i.NVIC_SetPriority)
    NVIC_SetPriority                         0x000030ad   Thumb Code   110  all_init.o(i.NVIC_SetPriority)
    i.OLED_Clear                             0x00003124   Section        0  oled.o(i.OLED_Clear)
    i.OLED_Clear_Part                        0x0000315c   Section        0  oled.o(i.OLED_Clear_Part)
    i.OLED_Delay_ms                          0x000031a8   Section        0  oled.o(i.OLED_Delay_ms)
    i.OLED_Init                              0x000031c8   Section        0  oled.o(i.OLED_Init)
    i.OLED_Set_XY                            0x000032b4   Section        0  oled.o(i.OLED_Set_XY)
    i.OLED_WrCmd                             0x000032e2   Section        0  oled.o(i.OLED_WrCmd)
    i.OLED_WrDat                             0x00003334   Section        0  oled.o(i.OLED_WrDat)
    i.OLED_Write_Char                        0x00003388   Section        0  oled.o(i.OLED_Write_Char)
    i.OLED_Write_Num1                        0x00003458   Section        0  oled.o(i.OLED_Write_Num1)
    i.OLED_Write_Num3                        0x00003476   Section        0  oled.o(i.OLED_Write_Num3)
    i.OLED_Write_Num4                        0x000034ca   Section        0  oled.o(i.OLED_Write_Num4)
    i.OLED_Write_Num5                        0x00003544   Section        0  oled.o(i.OLED_Write_Num5)
    i.OLED_Write_Num5_Revise                 0x000035e0   Section        0  oled.o(i.OLED_Write_Num5_Revise)
    i.OLED_Write_String                      0x0000361e   Section        0  oled.o(i.OLED_Write_String)
    i.PIT_CH0_IRQHandler                     0x00003644   Section        0  control.o(i.PIT_CH0_IRQHandler)
    i.PIT_CH1_IRQHandler                     0x00003698   Section        0  isr.o(i.PIT_CH1_IRQHandler)
    i.Pit_Init                               0x000036ac   Section        0  all_init.o(i.Pit_Init)
    i.Protect_Stop                           0x00003714   Section        0  main.o(i.Protect_Stop)
    i.Pwm_Control_Out                        0x0000398c   Section        0  control.o(i.Pwm_Control_Out)
    i.Ramp_Judge                             0x00003c08   Section        0  path_processing_inductance.o(i.Ramp_Judge)
    i.Ramp_Revise                            0x00003d88   Section        0  path_processing_inductance.o(i.Ramp_Revise)
    i.Regular_Track                          0x00003e14   Section        0  path_processing_inductance.o(i.Regular_Track)
    i.Ring_Judge                             0x00003ed8   Section        0  path_processing_inductance.o(i.Ring_Judge)
    i.Special_Judge                          0x000046dc   Section        0  path_processing_inductance.o(i.Special_Judge)
    i.Speed_Get                              0x000047bc   Section        0  control.o(i.Speed_Get)
    i.Start                                  0x0000489c   Section        0  system_skeaz1284.o(i.Start)
    i.Stop                                   0x000048fc   Section        0  control.o(i.Stop)
    i.Track_Check                            0x0000492c   Section        0  path_processing_inductance.o(i.Track_Check)
    i.Uart_Init                              0x00004948   Section        0  all_init.o(i.Uart_Init)
    i.Uart_Send_Data_without_DMA             0x00004958   Section        0  my_datasend.o(i.Uart_Send_Data_without_DMA)
    i.Voltage_Check                          0x000049a8   Section        0  all_init.o(i.Voltage_Check)
    i.Yijielvbo                              0x00004a68   Section        0  control.o(i.Yijielvbo)
    i.__0printf$1                            0x00004ae4   Section        0  printf1.o(i.__0printf$1)
    i.__ARM_clz                              0x00004b04   Section        0  depilogue.o(i.__ARM_clz)
    i.__ARM_common_switch8                   0x00004b32   Section        0  kea128_ftm.o(i.__ARM_common_switch8)
    i.__scatterload_copy                     0x00004b4e   Section       14  handlers.o(i.__scatterload_copy)
    i.__scatterload_null                     0x00004b5c   Section        2  handlers.o(i.__scatterload_null)
    i.__scatterload_zeroinit                 0x00004b5e   Section       14  handlers.o(i.__scatterload_zeroinit)
    i.__set_errno                            0x00004b6c   Section        0  errno.o(i.__set_errno)
    i._printf_core                           0x00004b78   Section        0  printf1.o(i._printf_core)
    _printf_core                             0x00004b79   Thumb Code   332  printf1.o(i._printf_core)
    i.acc_delay                              0x00004cc8   Section        0  fxos8700cqr1.o(i.acc_delay)
    i.adc_init                               0x00004ce0   Section        0  kea128_adc.o(i.adc_init)
    i.adc_once                               0x00004d0c   Section        0  kea128_adc.o(i.adc_once)
    i.all_Init                               0x00004d40   Section        0  all_init.o(i.all_Init)
    i.data_give                              0x00004db0   Section        0  my_datasend.o(i.data_give)
    i.disable_wdog                           0x00004e2c   Section        0  system_skeaz1284.o(i.disable_wdog)
    i.fabss                                  0x00004e44   Section        0  calculate.o(i.fabss)
    i.fputc                                  0x00004e56   Section        0  kea128_uart.o(i.fputc)
    i.ftm_count_clean                        0x00004e68   Section        0  kea128_ftm.o(i.ftm_count_clean)
    i.ftm_count_get                          0x00004e78   Section        0  kea128_ftm.o(i.ftm_count_get)
    i.ftm_count_init                         0x00004e8c   Section        0  kea128_ftm.o(i.ftm_count_init)
    i.ftm_count_mux                          0x00004ec8   Section        0  kea128_ftm.o(i.ftm_count_mux)
    i.ftm_pwm_duty                           0x00004f78   Section        0  kea128_ftm.o(i.ftm_pwm_duty)
    i.ftm_pwm_init                           0x00005000   Section        0  kea128_ftm.o(i.ftm_pwm_init)
    i.ftm_pwm_mux                            0x00005120   Section        0  kea128_ftm.o(i.ftm_pwm_mux)
    i.get_clk                                0x00005254   Section        0  common.o(i.get_clk)
    i.gpio_get                               0x00005314   Section        0  kea128_gpio.o(i.gpio_get)
    i.gpio_init                              0x00005340   Section        0  kea128_gpio.o(i.gpio_init)
    i.gpio_set                               0x0000541c   Section        0  kea128_gpio.o(i.gpio_set)
    i.gpio_turn                              0x00005458   Section        0  kea128_gpio.o(i.gpio_turn)
    i.i2c_Wait                               0x00005480   Section        0  kea128_i2c.o(i.i2c_Wait)
    i.i2c_delay                              0x00005528   Section        0  kea128_i2c.o(i.i2c_delay)
    i.i2c_init                               0x00005540   Section        0  kea128_i2c.o(i.i2c_init)
    i.i2c_read_reg                           0x00005658   Section        0  kea128_i2c.o(i.i2c_read_reg)
    i.i2c_write_reg                          0x00005714   Section        0  kea128_i2c.o(i.i2c_write_reg)
    i.main                                   0x0000577c   Section        0  main.o(i.main)
    i.menu                                   0x00005790   Section        0  menu.o(i.menu)
    i.menu_Init                              0x000057d4   Section        0  menu.o(i.menu_Init)
    i.menu_display                           0x00005f0c   Section        0  menu.o(i.menu_display)
    i.menu_key                               0x00006218   Section        0  menu.o(i.menu_key)
    i.mode_start                             0x00006c64   Section        0  main.o(i.mode_start)
    i.motorInit                              0x0000710c   Section        0  all_init.o(i.motorInit)
    i.pit_init                               0x00007144   Section        0  kea128_pit.o(i.pit_init)
    i.port_pull                              0x000071a4   Section        0  kea128_port.o(i.port_pull)
    i.simiic_delay                           0x000071f4   Section        0  seekfree_iic.o(i.simiic_delay)
    i.sqrt                                   0x00007204   Section        0  sqrt.o(i.sqrt)
    i.systick_delay                          0x0000724c   Section        0  kea128_systick.o(i.systick_delay)
    i.systick_delay_ms                       0x0000727c   Section        0  kea128_systick.o(i.systick_delay_ms)
    i.tly_delay                              0x00007298   Section        0  fxas21002c.o(i.tly_delay)
    i.uart_init                              0x000072b0   Section        0  kea128_uart.o(i.uart_init)
    i.uart_mux                               0x00007368   Section        0  kea128_uart.o(i.uart_mux)
    i.uart_putchar                           0x000073e8   Section        0  kea128_uart.o(i.uart_putchar)
    i.velocity                               0x00007408   Section        0  control.o(i.velocity)
    .constdata                               0x000074a0   Section       22  common.o(.constdata)
    .constdata                               0x000074b8   Section       12  kea128_ftm.o(.constdata)
    FTMX                                     0x000074b8   Data          12  kea128_ftm.o(.constdata)
    .constdata                               0x000074c4   Section       12  kea128_gpio.o(.constdata)
    GPIOX                                    0x000074c4   Data          12  kea128_gpio.o(.constdata)
    .constdata                               0x000074d0   Section      128  kea128_i2c.o(.constdata)
    .constdata                               0x00007550   Section     1344  oled.o(.constdata)
    .data                                    0x1ffff000   Section       16  common.o(.data)
    .data                                    0x1ffff010   Section       20  kea128_flash.o(.data)
    .data                                    0x1ffff024   Section       12  kea128_ftm.o(.data)
    .data                                    0x1ffff030   Section       12  kea128_uart.o(.data)
    .data                                    0x1ffff03c   Section       12  kea128_i2c.o(.data)
    .data                                    0x1ffff048   Section        4  all_init.o(.data)
    .data                                    0x1ffff04c   Section      192  main.o(.data)
    .data                                    0x1ffff110   Section     1423  control.o(.data)
    .data                                    0x1ffff6a0   Section        6  fxas21002c.o(.data)
    .data                                    0x1ffff6a6   Section       12  fxos8700cqr1.o(.data)
    .data                                    0x1ffff6b4   Section        4  key.o(.data)
    .data                                    0x1ffff6b8   Section       16  menu.o(.data)
    .data                                    0x1ffff6c8   Section        1  my_datasend.o(.data)
    .data                                    0x1ffff6cc   Section      110  path_processing_inductance.o(.data)
    .data                                    0x1ffff73c   Section       88  kalman.o(.data)
    nowdata_p                                0x1ffff78c   Data           4  kalman.o(.data)
    nowdata_p                                0x1ffff790   Data           4  kalman.o(.data)
    .data                                    0x1ffff794   Section        4  stdout.o(.data)
    .data                                    0x1ffff798   Section        4  errno.o(.data)
    _errno                                   0x1ffff798   Data           4  errno.o(.data)
    .bss                                     0x1ffff7a0   Section     1296  menu.o(.bss)
    .bss                                     0x1ffffcb0   Section       16  my_datasend.o(.bss)
    .bss                                     0x1ffffcc0   Section      136  path_processing_inductance.o(.bss)
    STACK                                    0x1ffffd48   Section     1024  startup_skeaz1284.o(STACK)

    Global Symbols

    Symbol Name                              Value     Ov Type        Size  Object(Section)

    BuildAttributes$$THM_ISAv3M$S$PE$A:L22$X:L11$S22$IEEE1$IW$USESV6$~STKCKD$USESV7$~SHL$OTIME$ROPI$IEEEJ$EBA8$MICROLIB$REQ8$PRES8$EABIv2 0x00000000   Number         0  anon$$obj.o ABSOLUTE
    __ARM_use_no_argv                        0x00000000   Number         0  main.o ABSOLUTE
    __Vectors                                0x00000000   Data           4  startup_skeaz1284.o(RESET)
    _printf_a                                0x00000000   Number         0  stubs.o ABSOLUTE
    _printf_c                                0x00000000   Number         0  stubs.o ABSOLUTE
    _printf_charcount                        0x00000000   Number         0  stubs.o ABSOLUTE
    _printf_d                                0x00000000   Number         0  stubs.o ABSOLUTE
    _printf_e                                0x00000000   Number         0  stubs.o ABSOLUTE
    _printf_f                                0x00000000   Number         0  stubs.o ABSOLUTE
    _printf_flags                            0x00000000   Number         0  stubs.o ABSOLUTE
    _printf_fp_dec                           0x00000000   Number         0  stubs.o ABSOLUTE
    _printf_fp_hex                           0x00000000   Number         0  stubs.o ABSOLUTE
    _printf_g                                0x00000000   Number         0  stubs.o ABSOLUTE
    _printf_i                                0x00000000   Number         0  stubs.o ABSOLUTE
    _printf_int_dec                          0x00000000   Number         0  stubs.o ABSOLUTE
    _printf_l                                0x00000000   Number         0  stubs.o ABSOLUTE
    _printf_lc                               0x00000000   Number         0  stubs.o ABSOLUTE
    _printf_ll                               0x00000000   Number         0  stubs.o ABSOLUTE
    _printf_lld                              0x00000000   Number         0  stubs.o ABSOLUTE
    _printf_lli                              0x00000000   Number         0  stubs.o ABSOLUTE
    _printf_llo                              0x00000000   Number         0  stubs.o ABSOLUTE
    _printf_llu                              0x00000000   Number         0  stubs.o ABSOLUTE
    _printf_llx                              0x00000000   Number         0  stubs.o ABSOLUTE
    _printf_longlong_dec                     0x00000000   Number         0  stubs.o ABSOLUTE
    _printf_longlong_hex                     0x00000000   Number         0  stubs.o ABSOLUTE
    _printf_longlong_oct                     0x00000000   Number         0  stubs.o ABSOLUTE
    _printf_ls                               0x00000000   Number         0  stubs.o ABSOLUTE
    _printf_mbtowc                           0x00000000   Number         0  stubs.o ABSOLUTE
    _printf_n                                0x00000000   Number         0  stubs.o ABSOLUTE
    _printf_o                                0x00000000   Number         0  stubs.o ABSOLUTE
    _printf_p                                0x00000000   Number         0  stubs.o ABSOLUTE
    _printf_percent                          0x00000000   Number         0  stubs.o ABSOLUTE
    _printf_pre_padding                      0x00000000   Number         0  stubs.o ABSOLUTE
    _printf_return_value                     0x00000000   Number         0  stubs.o ABSOLUTE
    _printf_s                                0x00000000   Number         0  stubs.o ABSOLUTE
    _printf_sizespec                         0x00000000   Number         0  stubs.o ABSOLUTE
    _printf_str                              0x00000000   Number         0  stubs.o ABSOLUTE
    _printf_truncate_signed                  0x00000000   Number         0  stubs.o ABSOLUTE
    _printf_truncate_unsigned                0x00000000   Number         0  stubs.o ABSOLUTE
    _printf_u                                0x00000000   Number         0  stubs.o ABSOLUTE
    _printf_wc                               0x00000000   Number         0  stubs.o ABSOLUTE
    _printf_wctomb                           0x00000000   Number         0  stubs.o ABSOLUTE
    _printf_widthprec                        0x00000000   Number         0  stubs.o ABSOLUTE
    _printf_x                                0x00000000   Number         0  stubs.o ABSOLUTE
    __cpp_initialize__aeabi_                  - Undefined Weak Reference
    __cxa_finalize                            - Undefined Weak Reference
    _clock_init                               - Undefined Weak Reference
    _microlib_exit                            - Undefined Weak Reference
    __Vectors_End                            0x000000c0   Data           0  startup_skeaz1284.o(RESET)
    __Vectors_Size                           0x000000c0   Number         0  startup_skeaz1284.o ABSOLUTE
    __main                                   0x000000c1   Thumb Code     0  entry.o(.ARM.Collect$$$$00000000)
    _main_stk                                0x000000c1   Thumb Code     0  entry2.o(.ARM.Collect$$$$00000001)
    _main_scatterload                        0x000000c5   Thumb Code     0  entry5.o(.ARM.Collect$$$$00000004)
    __main_after_scatterload                 0x000000c9   Thumb Code     0  entry5.o(.ARM.Collect$$$$00000004)
    _main_clock                              0x000000c9   Thumb Code     0  entry7b.o(.ARM.Collect$$$$00000008)
    _main_cpp_init                           0x000000c9   Thumb Code     0  entry8b.o(.ARM.Collect$$$$0000000A)
    _main_init                               0x000000c9   Thumb Code     0  entry9a.o(.ARM.Collect$$$$0000000B)
    __rt_final_cpp                           0x000000d1   Thumb Code     0  entry10a.o(.ARM.Collect$$$$0000000D)
    __rt_final_exit                          0x000000d1   Thumb Code     0  entry11a.o(.ARM.Collect$$$$0000000F)
    init_data_bss                            0x000000d5   Thumb Code     2  startup_skeaz1284.o(.text)
    Reset_Handler                            0x000000d7   Thumb Code    12  startup_skeaz1284.o(.text)
    HardFault_Handler                        0x000000e5   Thumb Code     2  startup_skeaz1284.o(.text)
    SVC_Handler                              0x000000e7   Thumb Code     2  startup_skeaz1284.o(.text)
    PendSV_Handler                           0x000000e9   Thumb Code     2  startup_skeaz1284.o(.text)
    SysTick_Handler                          0x000000eb   Thumb Code     2  startup_skeaz1284.o(.text)
    ACMP0_IRQHandler                         0x000000ed   Thumb Code     0  startup_skeaz1284.o(.text)
    ACMP1_IRQHandler                         0x000000ed   Thumb Code     0  startup_skeaz1284.o(.text)
    ADC_IRQHandler                           0x000000ed   Thumb Code     0  startup_skeaz1284.o(.text)
    DefaultISR                               0x000000ed   Thumb Code     0  startup_skeaz1284.o(.text)
    FTM0_IRQHandler                          0x000000ed   Thumb Code     0  startup_skeaz1284.o(.text)
    FTM1_IRQHandler                          0x000000ed   Thumb Code     0  startup_skeaz1284.o(.text)
    FTM2_IRQHandler                          0x000000ed   Thumb Code     0  startup_skeaz1284.o(.text)
    FTMRE_IRQHandler                         0x000000ed   Thumb Code     0  startup_skeaz1284.o(.text)
    I2C0_IRQHandler                          0x000000ed   Thumb Code     0  startup_skeaz1284.o(.text)
    I2C1_IRQHandler                          0x000000ed   Thumb Code     0  startup_skeaz1284.o(.text)
    ICS_IRQHandler                           0x000000ed   Thumb Code     0  startup_skeaz1284.o(.text)
    KBI1_IRQHandler                          0x000000ed   Thumb Code     0  startup_skeaz1284.o(.text)
    MSCAN_RX_IRQHandler                      0x000000ed   Thumb Code     0  startup_skeaz1284.o(.text)
    MSCAN_TX_IRQHandler                      0x000000ed   Thumb Code     0  startup_skeaz1284.o(.text)
    PMC_IRQHandler                           0x000000ed   Thumb Code     0  startup_skeaz1284.o(.text)
    PWT_IRQHandler                           0x000000ed   Thumb Code     0  startup_skeaz1284.o(.text)
    RTC_IRQHandler                           0x000000ed   Thumb Code     0  startup_skeaz1284.o(.text)
    Reserved16_IRQHandler                    0x000000ed   Thumb Code     0  startup_skeaz1284.o(.text)
    Reserved17_IRQHandler                    0x000000ed   Thumb Code     0  startup_skeaz1284.o(.text)
    Reserved18_IRQHandler                    0x000000ed   Thumb Code     0  startup_skeaz1284.o(.text)
    Reserved19_IRQHandler                    0x000000ed   Thumb Code     0  startup_skeaz1284.o(.text)
    Reserved20_IRQHandler                    0x000000ed   Thumb Code     0  startup_skeaz1284.o(.text)
    Reserved42_IRQHandler                    0x000000ed   Thumb Code     0  startup_skeaz1284.o(.text)
    SPI0_IRQHandler                          0x000000ed   Thumb Code     0  startup_skeaz1284.o(.text)
    SPI1_IRQHandler                          0x000000ed   Thumb Code     0  startup_skeaz1284.o(.text)
    UART0_IRQHandler                         0x000000ed   Thumb Code     0  startup_skeaz1284.o(.text)
    UART1_IRQHandler                         0x000000ed   Thumb Code     0  startup_skeaz1284.o(.text)
    UART2_IRQHandler                         0x000000ed   Thumb Code     0  startup_skeaz1284.o(.text)
    WDOG_IRQHandler                          0x000000ed   Thumb Code     0  startup_skeaz1284.o(.text)
    __aeabi_uidiv                            0x000000fd   Thumb Code     0  uidiv.o(.text)
    __aeabi_uidivmod                         0x000000fd   Thumb Code    44  uidiv.o(.text)
    __aeabi_idiv                             0x00000129   Thumb Code     0  idiv.o(.text)
    __aeabi_idivmod                          0x00000129   Thumb Code    40  idiv.o(.text)
    __aeabi_memcpy                           0x00000151   Thumb Code    36  memcpya.o(.text)
    __aeabi_memcpy4                          0x00000151   Thumb Code     0  memcpya.o(.text)
    __aeabi_memcpy8                          0x00000151   Thumb Code     0  memcpya.o(.text)
    __aeabi_memset                           0x00000175   Thumb Code    14  memseta.o(.text)
    __aeabi_memset4                          0x00000175   Thumb Code     0  memseta.o(.text)
    __aeabi_memset8                          0x00000175   Thumb Code     0  memseta.o(.text)
    __aeabi_memclr                           0x00000183   Thumb Code     4  memseta.o(.text)
    __aeabi_memclr4                          0x00000183   Thumb Code     0  memseta.o(.text)
    __aeabi_memclr8                          0x00000183   Thumb Code     0  memseta.o(.text)
    _memset$wrapper                          0x00000187   Thumb Code    18  memseta.o(.text)
    strcpy                                   0x00000199   Thumb Code    18  strcpy.o(.text)
    __aeabi_fadd                             0x000001ab   Thumb Code   162  fadd.o(.text)
    __aeabi_fsub                             0x0000024d   Thumb Code     8  fadd.o(.text)
    __aeabi_frsub                            0x00000255   Thumb Code     8  fadd.o(.text)
    __aeabi_fmul                             0x0000025d   Thumb Code   122  fmul.o(.text)
    __aeabi_fdiv                             0x000002d7   Thumb Code   124  fdiv.o(.text)
    __aeabi_i2f                              0x00000353   Thumb Code    22  fflti.o(.text)
    __aeabi_i2d                              0x00000369   Thumb Code    34  dflti.o(.text)
    __aeabi_ui2d                             0x00000391   Thumb Code    24  dfltui.o(.text)
    __aeabi_f2iz                             0x000003ad   Thumb Code    50  ffixi.o(.text)
    __aeabi_llsl                             0x000003df   Thumb Code    32  llshl.o(.text)
    _ll_shift_l                              0x000003df   Thumb Code     0  llshl.o(.text)
    NMI_Handler                              0x000003ff   Thumb Code     2  system_skeaz1284.o(i.NMI_Handler)
    __I$use$fp                               0x000003ff   Thumb Code     0  iusefp.o(.text)
    __aeabi_dadd                             0x00000411   Thumb Code   328  dadd.o(.text)
    __aeabi_dsub                             0x00000559   Thumb Code    12  dadd.o(.text)
    __aeabi_drsub                            0x00000565   Thumb Code    12  dadd.o(.text)
    __aeabi_dmul                             0x00000575   Thumb Code   202  dmul.o(.text)
    __aeabi_ddiv                             0x00000645   Thumb Code   234  ddiv.o(.text)
    __aeabi_d2iz                             0x00000735   Thumb Code    62  dfixi.o(.text)
    __aeabi_d2uiz                            0x0000077d   Thumb Code    50  dfixui.o(.text)
    __aeabi_f2d                              0x000007b9   Thumb Code    40  f2d.o(.text)
    __aeabi_cdcmpeq                          0x000007e1   Thumb Code     0  cdcmple.o(.text)
    __aeabi_cdcmple                          0x000007e1   Thumb Code    38  cdcmple.o(.text)
    __aeabi_cdrcmple                         0x00000809   Thumb Code    38  cdrcmple.o(.text)
    __aeabi_d2f                              0x00000831   Thumb Code    56  d2f.o(.text)
    __aeabi_llsr                             0x00000869   Thumb Code    34  llushr.o(.text)
    _ll_ushift_r                             0x00000869   Thumb Code     0  llushr.o(.text)
    __aeabi_lasr                             0x0000088b   Thumb Code    38  llsshr.o(.text)
    _ll_sshift_r                             0x0000088b   Thumb Code     0  llsshr.o(.text)
    _float_round                             0x000008b1   Thumb Code    16  fepilogue.o(.text)
    _float_epilogue                          0x000008c1   Thumb Code   114  fepilogue.o(.text)
    _double_round                            0x00000933   Thumb Code    26  depilogue.o(.text)
    _double_epilogue                         0x0000094d   Thumb Code   164  depilogue.o(.text)
    _dsqrt                                   0x000009f1   Thumb Code   162  dsqrt.o(.text)
    __scatterload                            0x00000a95   Thumb Code    28  init.o(.text)
    __scatterload_rt2                        0x00000a95   Thumb Code     0  init.o(.text)
    __decompress                             0x00000ab9   Thumb Code     0  __dczerorl2.o(.text)
    __decompress1                            0x00000ab9   Thumb Code    86  __dczerorl2.o(.text)
    Bump_Judge                               0x00000b11   Thumb Code   260  path_processing_inductance.o(i.Bump_Judge)
    Bump_Revise                              0x00000c3d   Thumb Code   120  path_processing_inductance.o(i.Bump_Revise)
    Cascade_Control_Inside                   0x00000cc9   Thumb Code    64  control.o(i.Cascade_Control_Inside)
    Cascade_Control_Outside                  0x00000d21   Thumb Code   166  control.o(i.Cascade_Control_Outside)
    Circle_Judge                             0x00000df9   Thumb Code    72  path_processing_inductance.o(i.Circle_Judge)
    Deviate_Revise                           0x00000e65   Thumb Code    58  path_processing_inductance.o(i.Deviate_Revise)
    DirectionControl                         0x00000ea5   Thumb Code  3688  control.o(i.DirectionControl)
    DirectionControl_Inside                  0x00001d3d   Thumb Code   200  control.o(i.DirectionControl_Inside)
    EncoderInit                              0x00001e2d   Thumb Code    60  all_init.o(i.EncoderInit)
    FLASH_EraseSector                        0x00001e69   Thumb Code    42  kea128_flash.o(i.FLASH_EraseSector)
    FLASH_Init                               0x00001e99   Thumb Code    62  kea128_flash.o(i.FLASH_Init)
    FLASH_WriteSector                        0x00001ee5   Thumb Code   108  kea128_flash.o(i.FLASH_WriteSector)
    FM_Control                               0x00001f55   Thumb Code    86  path_processing_inductance.o(i.FM_Control)
    FM_Turn                                  0x00001fb5   Thumb Code    36  key.o(i.FM_Turn)
    FXAS21002C_GetResult                     0x00001fdd   Thumb Code    44  fxas21002c.o(i.FXAS21002C_GetResult)
    FXAS21002C_Init                          0x00002009   Thumb Code    68  fxas21002c.o(i.FXAS21002C_Init)
    FXAS21002C_XYZ                           0x0000204d   Thumb Code    46  fxas21002c.o(i.FXAS21002C_XYZ)
    FXOS8700CQR1_GetResult                   0x00002089   Thumb Code    44  fxos8700cqr1.o(i.FXOS8700CQR1_GetResult)
    FXOS8700CQR1_Init                        0x000020b5   Thumb Code   134  fxos8700cqr1.o(i.FXOS8700CQR1_Init)
    FXOS8700CQR1_XYZ                         0x0000213d   Thumb Code    46  fxos8700cqr1.o(i.FXOS8700CQR1_XYZ)
    FlashCmdStart                            0x00002179   Thumb Code    74  kea128_flash.o(i.FlashCmdStart)
    Get_iErrordirect                         0x000021d5   Thumb Code    20  path_processing_inductance.o(i.Get_iErrordirect)
    IIC_init                                 0x000021ed   Thumb Code    36  seekfree_iic.o(i.IIC_init)
    IIC_stop                                 0x00002211   Thumb Code    48  seekfree_iic.o(i.IIC_stop)
    IRQ_IRQHandler                           0x00002241   Thumb Code    14  isr.o(i.IRQ_IRQHandler)
    IncPIDCalc_Inside                        0x00002255   Thumb Code    74  control.o(i.IncPIDCalc_Inside)
    IncPIDCalc_Outside                       0x000022b5   Thumb Code   976  control.o(i.IncPIDCalc_Outside)
    Inductance_GetConversionValue            0x000026e1   Thumb Code   206  control.o(i.Inductance_GetConversionValue)
    Inductance_Init                          0x000027d9   Thumb Code    28  all_init.o(i.Inductance_Init)
    Island_Revise                            0x000027f5   Thumb Code  1590  path_processing_inductance.o(i.Island_Revise)
    KBI0_IRQHandler                          0x00002e4d   Thumb Code    14  isr.o(i.KBI0_IRQHandler)
    KEY_Init                                 0x00002e61   Thumb Code   110  key.o(i.KEY_Init)
    Kaman_Gyroscope                          0x00002ed1   Thumb Code   126  kalman.o(i.Kaman_Gyroscope)
    Live_Transmission_1                      0x00002f65   Thumb Code    12  my_datasend.o(i.Live_Transmission_1)
    Live_Transmission_APP                    0x00002f71   Thumb Code    84  my_datasend.o(i.Live_Transmission_APP)
    Mean_Value_Filtering                     0x00003001   Thumb Code   132  kea128_adc.o(i.Mean_Value_Filtering)
    OLED_Clear                               0x00003125   Thumb Code    56  oled.o(i.OLED_Clear)
    OLED_Clear_Part                          0x0000315d   Thumb Code    76  oled.o(i.OLED_Clear_Part)
    OLED_Delay_ms                            0x000031a9   Thumb Code    26  oled.o(i.OLED_Delay_ms)
    OLED_Init                                0x000031c9   Thumb Code   236  oled.o(i.OLED_Init)
    OLED_Set_XY                              0x000032b5   Thumb Code    46  oled.o(i.OLED_Set_XY)
    OLED_WrCmd                               0x000032e3   Thumb Code    82  oled.o(i.OLED_WrCmd)
    OLED_WrDat                               0x00003335   Thumb Code    82  oled.o(i.OLED_WrDat)
    OLED_Write_Char                          0x00003389   Thumb Code   202  oled.o(i.OLED_Write_Char)
    OLED_Write_Num1                          0x00003459   Thumb Code    30  oled.o(i.OLED_Write_Num1)
    OLED_Write_Num3                          0x00003477   Thumb Code    84  oled.o(i.OLED_Write_Num3)
    OLED_Write_Num4                          0x000034cb   Thumb Code   120  oled.o(i.OLED_Write_Num4)
    OLED_Write_Num5                          0x00003545   Thumb Code   152  oled.o(i.OLED_Write_Num5)
    OLED_Write_Num5_Revise                   0x000035e1   Thumb Code    62  oled.o(i.OLED_Write_Num5_Revise)
    OLED_Write_String                        0x0000361f   Thumb Code    36  oled.o(i.OLED_Write_String)
    PIT_CH0_IRQHandler                       0x00003645   Thumb Code    68  control.o(i.PIT_CH0_IRQHandler)
    PIT_CH1_IRQHandler                       0x00003699   Thumb Code    14  isr.o(i.PIT_CH1_IRQHandler)
    Pit_Init                                 0x000036ad   Thumb Code   100  all_init.o(i.Pit_Init)
    Protect_Stop                             0x00003715   Thumb Code   500  main.o(i.Protect_Stop)
    Pwm_Control_Out                          0x0000398d   Thumb Code   566  control.o(i.Pwm_Control_Out)
    Ramp_Judge                               0x00003c09   Thumb Code   316  path_processing_inductance.o(i.Ramp_Judge)
    Ramp_Revise                              0x00003d89   Thumb Code   120  path_processing_inductance.o(i.Ramp_Revise)
    Regular_Track                            0x00003e15   Thumb Code   164  path_processing_inductance.o(i.Regular_Track)
    Ring_Judge                               0x00003ed9   Thumb Code  1976  path_processing_inductance.o(i.Ring_Judge)
    Special_Judge                            0x000046dd   Thumb Code   182  path_processing_inductance.o(i.Special_Judge)
    Speed_Get                                0x000047bd   Thumb Code   192  control.o(i.Speed_Get)
    Start                                    0x0000489d   Thumb Code    82  system_skeaz1284.o(i.Start)
    Stop                                     0x000048fd   Thumb Code    36  control.o(i.Stop)
    Track_Check                              0x0000492d   Thumb Code    28  path_processing_inductance.o(i.Track_Check)
    Uart_Init                                0x00004949   Thumb Code    14  all_init.o(i.Uart_Init)
    Uart_Send_Data_without_DMA               0x00004959   Thumb Code    76  my_datasend.o(i.Uart_Send_Data_without_DMA)
    Voltage_Check                            0x000049a9   Thumb Code   162  all_init.o(i.Voltage_Check)
    Yijielvbo                                0x00004a69   Thumb Code   106  control.o(i.Yijielvbo)
    __0printf$1                              0x00004ae5   Thumb Code    24  printf1.o(i.__0printf$1)
    __1printf$1                              0x00004ae5   Thumb Code     0  printf1.o(i.__0printf$1)
    __2printf                                0x00004ae5   Thumb Code     0  printf1.o(i.__0printf$1)
    __ARM_clz                                0x00004b05   Thumb Code    46  depilogue.o(i.__ARM_clz)
    __ARM_common_switch8                     0x00004b33   Thumb Code    28  kea128_ftm.o(i.__ARM_common_switch8)
    __scatterload_copy                       0x00004b4f   Thumb Code    14  handlers.o(i.__scatterload_copy)
    __scatterload_null                       0x00004b5d   Thumb Code     2  handlers.o(i.__scatterload_null)
    __scatterload_zeroinit                   0x00004b5f   Thumb Code    14  handlers.o(i.__scatterload_zeroinit)
    __set_errno                              0x00004b6d   Thumb Code     6  errno.o(i.__set_errno)
    acc_delay                                0x00004cc9   Thumb Code    24  fxos8700cqr1.o(i.acc_delay)
    adc_init                                 0x00004ce1   Thumb Code    34  kea128_adc.o(i.adc_init)
    adc_once                                 0x00004d0d   Thumb Code    46  kea128_adc.o(i.adc_once)
    all_Init                                 0x00004d41   Thumb Code   104  all_init.o(i.all_Init)
    data_give                                0x00004db1   Thumb Code    88  my_datasend.o(i.data_give)
    disable_wdog                             0x00004e2d   Thumb Code    16  system_skeaz1284.o(i.disable_wdog)
    fabss                                    0x00004e45   Thumb Code    18  calculate.o(i.fabss)
    fputc                                    0x00004e57   Thumb Code    18  kea128_uart.o(i.fputc)
    ftm_count_clean                          0x00004e69   Thumb Code    12  kea128_ftm.o(i.ftm_count_clean)
    ftm_count_get                            0x00004e79   Thumb Code    14  kea128_ftm.o(i.ftm_count_get)
    ftm_count_init                           0x00004e8d   Thumb Code    54  kea128_ftm.o(i.ftm_count_init)
    ftm_count_mux                            0x00004ec9   Thumb Code   166  kea128_ftm.o(i.ftm_count_mux)
    ftm_pwm_duty                             0x00004f79   Thumb Code   118  kea128_ftm.o(i.ftm_pwm_duty)
    ftm_pwm_init                             0x00005001   Thumb Code   272  kea128_ftm.o(i.ftm_pwm_init)
    ftm_pwm_mux                              0x00005121   Thumb Code   302  kea128_ftm.o(i.ftm_pwm_mux)
    get_clk                                  0x00005255   Thumb Code   160  common.o(i.get_clk)
    gpio_get                                 0x00005315   Thumb Code    40  kea128_gpio.o(i.gpio_get)
    gpio_init                                0x00005341   Thumb Code   214  kea128_gpio.o(i.gpio_init)
    gpio_set                                 0x0000541d   Thumb Code    54  kea128_gpio.o(i.gpio_set)
    gpio_turn                                0x00005459   Thumb Code    36  kea128_gpio.o(i.gpio_turn)
    i2c_Wait                                 0x00005481   Thumb Code   158  kea128_i2c.o(i.i2c_Wait)
    i2c_delay                                0x00005529   Thumb Code    24  kea128_i2c.o(i.i2c_delay)
    i2c_init                                 0x00005541   Thumb Code   260  kea128_i2c.o(i.i2c_init)
    i2c_read_reg                             0x00005659   Thumb Code   182  kea128_i2c.o(i.i2c_read_reg)
    i2c_write_reg                            0x00005715   Thumb Code   100  kea128_i2c.o(i.i2c_write_reg)
    main                                     0x0000577d   Thumb Code    18  main.o(i.main)
    menu                                     0x00005791   Thumb Code    60  menu.o(i.menu)
    menu_Init                                0x000057d5   Thumb Code  1718  menu.o(i.menu_Init)
    menu_display                             0x00005f0d   Thumb Code   764  menu.o(i.menu_display)
    menu_key                                 0x00006219   Thumb Code  2604  menu.o(i.menu_key)
    mode_start                               0x00006c65   Thumb Code  1176  main.o(i.mode_start)
    motorInit                                0x0000710d   Thumb Code    52  all_init.o(i.motorInit)
    pit_init                                 0x00007145   Thumb Code    82  kea128_pit.o(i.pit_init)
    port_pull                                0x000071a5   Thumb Code    74  kea128_port.o(i.port_pull)
    simiic_delay                             0x000071f5   Thumb Code    16  seekfree_iic.o(i.simiic_delay)
    sqrt                                     0x00007205   Thumb Code    66  sqrt.o(i.sqrt)
    systick_delay                            0x0000724d   Thumb Code    44  kea128_systick.o(i.systick_delay)
    systick_delay_ms                         0x0000727d   Thumb Code    24  kea128_systick.o(i.systick_delay_ms)
    tly_delay                                0x00007299   Thumb Code    24  fxas21002c.o(i.tly_delay)
    uart_init                                0x000072b1   Thumb Code   170  kea128_uart.o(i.uart_init)
    uart_mux                                 0x00007369   Thumb Code   122  kea128_uart.o(i.uart_mux)
    uart_putchar                             0x000073e9   Thumb Code    28  kea128_uart.o(i.uart_putchar)
    velocity                                 0x00007409   Thumb Code   116  control.o(i.velocity)
    LargeChars                               0x00007550   Data        1152  oled.o(.constdata)
    OLED_Chinese                             0x000079d0   Data         192  oled.o(.constdata)
    Region$$Table$$Base                      0x00007a90   Number         0  anon$$obj.o(Region$$Table)
    Region$$Table$$Limit                     0x00007ab0   Number         0  anon$$obj.o(Region$$Table)
    ics_clk_khz                              0x1ffff000   Data           4  common.o(.data)
    ftm_clk_khz                              0x1ffff004   Data           4  common.o(.data)
    core_clk_khz                             0x1ffff008   Data           4  common.o(.data)
    bus_clk_khz                              0x1ffff00c   Data           4  common.o(.data)
    s_flash_command_run                      0x1ffff010   Data          14  kea128_flash.o(.data)
    s_flash_run_entry                        0x1ffff020   Data           4  kea128_flash.o(.data)
    period                                   0x1ffff024   Data           6  kea128_ftm.o(.data)
    cv                                       0x1ffff02c   Data           4  kea128_ftm.o(.data)
    uart                                     0x1ffff030   Data          12  kea128_uart.o(.data)
    MasterTransmission                       0x1ffff03c   Data           1  kea128_i2c.o(.data)
    SlaveID                                  0x1ffff03d   Data           1  kea128_i2c.o(.data)
    I2CN                                     0x1ffff040   Data           8  kea128_i2c.o(.data)
    Voltage_Value                            0x1ffff048   Data           4  all_init.o(.data)
    flash_data_save_one                      0x1ffff04c   Data          80  main.o(.data)
    flash_data_save_two                      0x1ffff09c   Data          80  main.o(.data)
    Uart_Receive                             0x1ffff0ec   Data           1  main.o(.data)
    Blooth_Finish_Symbol                     0x1ffff0f0   Data           4  main.o(.data)
    Finish_Symbol                            0x1ffff0f4   Data           4  main.o(.data)
    Stop_Symbol                              0x1ffff0f8   Data           1  main.o(.data)
    mode                                     0x1ffff0f9   Data           1  main.o(.data)
    Protect                                  0x1ffff0fa   Data           1  main.o(.data)
    Protect_Gyro_Wait                        0x1ffff0fc   Data           4  main.o(.data)
    Protect_Encoder_Wait                     0x1ffff100   Data           4  main.o(.data)
    Protect_NoRead_Wait                      0x1ffff104   Data           4  main.o(.data)
    Protect_Reverse_Wait                     0x1ffff108   Data           4  main.o(.data)
    Gyro_X_REVISE                            0x1ffff110   Data           2  control.o(.data)
    Gyro_Y_REVISE                            0x1ffff112   Data           2  control.o(.data)
    Gyro_Z_REVISE                            0x1ffff114   Data           2  control.o(.data)
    ACC_X_REVISE                             0x1ffff116   Data           2  control.o(.data)
    ACC_Y_REVISE                             0x1ffff118   Data           2  control.o(.data)
    ACC_Z_REVISE                             0x1ffff11a   Data           2  control.o(.data)
    MAG_X_REVISE                             0x1ffff11c   Data           2  control.o(.data)
    MAG_Y_REVISE                             0x1ffff11e   Data           2  control.o(.data)
    MAG_Z_REVISE                             0x1ffff120   Data           2  control.o(.data)
    Gyro_X_Last_REVISE                       0x1ffff122   Data           2  control.o(.data)
    Gyro_Y_Last_REVISE                       0x1ffff124   Data           2  control.o(.data)
    ACC_Z_Last_REVISE                        0x1ffff126   Data           2  control.o(.data)
    Angle                                    0x1ffff128   Data           4  control.o(.data)
    Angle_REVISE                             0x1ffff12c   Data           4  control.o(.data)
    Angle_REVISE_Last                        0x1ffff130   Data           4  control.o(.data)
    timeCount                                0x1ffff134   Data           1  control.o(.data)
    startCount                               0x1ffff138   Data           4  control.o(.data)
    pit_symbol                               0x1ffff13c   Data           1  control.o(.data)
    pwmLeft                                  0x1ffff140   Data           4  control.o(.data)
    pwmRight                                 0x1ffff144   Data           4  control.o(.data)
    pwmLeft_Last                             0x1ffff148   Data           4  control.o(.data)
    pwmRight_Last                            0x1ffff14c   Data           4  control.o(.data)
    pwmBalance                               0x1ffff150   Data           4  control.o(.data)
    pwmBalance_Last                          0x1ffff154   Data           4  control.o(.data)
    pwmDirect                                0x1ffff158   Data           4  control.o(.data)
    pwmDirect_Last                           0x1ffff15c   Data           4  control.o(.data)
    pwmGo                                    0x1ffff160   Data           4  control.o(.data)
    pwmGoOld                                 0x1ffff164   Data           4  control.o(.data)
    pwmGoNew                                 0x1ffff168   Data           4  control.o(.data)
    pwmDirectOld                             0x1ffff16c   Data           4  control.o(.data)
    pwmDirectNew                             0x1ffff170   Data           4  control.o(.data)
    pwmOutput                                0x1ffff174   Data           4  control.o(.data)
    Range_Min                                0x1ffff178   Data           4  control.o(.data)
    Range_Max                                0x1ffff17c   Data           4  control.o(.data)
    Encoder_Left                             0x1ffff180   Data           4  control.o(.data)
    Encoder_Right                            0x1ffff184   Data           4  control.o(.data)
    Encoder_Left_Last                        0x1ffff188   Data           4  control.o(.data)
    Encoder_Right_Last                       0x1ffff18c   Data           4  control.o(.data)
    Encoder_Sum                              0x1ffff190   Data           4  control.o(.data)
    Encoder_Sum_Last                         0x1ffff194   Data           4  control.o(.data)
    Encoder_Sum_True                         0x1ffff198   Data           4  control.o(.data)
    Encoder_Sum_True_Last                    0x1ffff19c   Data           4  control.o(.data)
    Motor_Left_Current                       0x1ffff1a0   Data           4  control.o(.data)
    Motor_Right_Current                      0x1ffff1a4   Data           4  control.o(.data)
    K1                                       0x1ffff1a8   Data           8  control.o(.data)
    dt                                       0x1ffff1b0   Data           8  control.o(.data)
    angle1                                   0x1ffff1b8   Data           8  control.o(.data)
    SetBalance                               0x1ffff1c0   Data           4  control.o(.data)
    angleP_REVISE                            0x1ffff1c8   Data           8  control.o(.data)
    angleP                                   0x1ffff1d0   Data           8  control.o(.data)
    angleD                                   0x1ffff1d8   Data           8  control.o(.data)
    balanceP                                 0x1ffff1e0   Data           8  control.o(.data)
    balanceD                                 0x1ffff1e8   Data           8  control.o(.data)
    balance_Integral                         0x1ffff1f0   Data           4  control.o(.data)
    balance_Target_rate                      0x1ffff1f4   Data           4  control.o(.data)
    Pitch_Angle_Error                        0x1ffff1f8   Data           4  control.o(.data)
    Pitch_Target_rate                        0x1ffff1fc   Data           4  control.o(.data)
    Pitch_Target_rate_Last                   0x1ffff200   Data           4  control.o(.data)
    Pitch_Rate_Error                         0x1ffff204   Data           4  control.o(.data)
    Pitch_Rate_Error_Last                    0x1ffff208   Data           4  control.o(.data)
    Angle_Target                             0x1ffff20c   Data           4  control.o(.data)
    Angle_Error                              0x1ffff210   Data           4  control.o(.data)
    Angle_Error_Last                         0x1ffff214   Data           4  control.o(.data)
    Encoder_Integral                         0x1ffff218   Data           8  control.o(.data)
    Ramp_Max                                 0x1ffff220   Data           4  control.o(.data)
    Ramp_Min                                 0x1ffff224   Data           4  control.o(.data)
    SetSpeed                                 0x1ffff228   Data           4  control.o(.data)
    speedP                                   0x1ffff230   Data           8  control.o(.data)
    speedI                                   0x1ffff238   Data           8  control.o(.data)
    Range_I                                  0x1ffff240   Data           4  control.o(.data)
    IncPIDCalc_Inside_Integral               0x1ffff248   Data           8  control.o(.data)
    fDelta                                   0x1ffff250   Data           8  control.o(.data)
    fDelta_old                               0x1ffff258   Data           8  control.o(.data)
    fP                                       0x1ffff260   Data           8  control.o(.data)
    fI                                       0x1ffff268   Data           8  control.o(.data)
    EV_VALUE1_Revise                         0x1ffff270   Data           4  control.o(.data)
    EV_VALUE2_Revise                         0x1ffff274   Data           4  control.o(.data)
    EV_VALUE3_Revise                         0x1ffff278   Data           4  control.o(.data)
    EV_VALUE4_Revise                         0x1ffff27c   Data           4  control.o(.data)
    EV_VALUE1                                0x1ffff280   Data           4  control.o(.data)
    EV_VALUE2                                0x1ffff284   Data           4  control.o(.data)
    EV_VALUE3                                0x1ffff288   Data           4  control.o(.data)
    EV_VALUE4                                0x1ffff28c   Data           4  control.o(.data)
    EV_VALUE2_Last                           0x1ffff290   Data           4  control.o(.data)
    EV_VALUE1_Last                           0x1ffff294   Data           4  control.o(.data)
    EV_VALUE4_Last                           0x1ffff298   Data           4  control.o(.data)
    EV_VALUE2_REVISE                         0x1ffff29c   Data           4  control.o(.data)
    directP                                  0x1ffff2a0   Data           8  control.o(.data)
    directD                                  0x1ffff2a8   Data           8  control.o(.data)
    directDD                                 0x1ffff2b0   Data           8  control.o(.data)
    directP_Inside                           0x1ffff2b8   Data           8  control.o(.data)
    directD_Inside                           0x1ffff2c0   Data           8  control.o(.data)
    directP_Revise                           0x1ffff2c8   Data           8  control.o(.data)
    directD_Revise                           0x1ffff2d0   Data           8  control.o(.data)
    directDD_Revise                          0x1ffff2d8   Data           8  control.o(.data)
    directP_Revise_Last                      0x1ffff2e0   Data           8  control.o(.data)
    DEVIATE                                  0x1ffff2e8   Data           2  control.o(.data)
    DEVIATE_Last                             0x1ffff2ea   Data           2  control.o(.data)
    Direct_Error                             0x1ffff2ec   Data           4  control.o(.data)
    Direct_Error_Last                        0x1ffff2f0   Data           4  control.o(.data)
    Direct_P_Revise                          0x1ffff2f4   Data         880  control.o(.data)
    currentP                                 0x1ffff668   Data           8  control.o(.data)
    currentI                                 0x1ffff670   Data           8  control.o(.data)
    Current_Error_Left                       0x1ffff678   Data           4  control.o(.data)
    Current_Error_Left_Last                  0x1ffff67c   Data           4  control.o(.data)
    Current_Error_Right                      0x1ffff680   Data           4  control.o(.data)
    Current_Error_Right_Last                 0x1ffff684   Data           4  control.o(.data)
    Current_Left_Base_Value                  0x1ffff688   Data           4  control.o(.data)
    Current_Right_Base_Value                 0x1ffff68c   Data           4  control.o(.data)
    StopP                                    0x1ffff690   Data           8  control.o(.data)
    Stop_Pwm_Out                             0x1ffff698   Data           4  control.o(.data)
    Special_Time_Count                       0x1ffff69c   Data           2  control.o(.data)
    Ring_Oled_P                              0x1ffff69e   Data           1  control.o(.data)
    Gyro_X                                   0x1ffff6a0   Data           2  fxas21002c.o(.data)
    Gyro_Y                                   0x1ffff6a2   Data           2  fxas21002c.o(.data)
    Gyro_Z                                   0x1ffff6a4   Data           2  fxas21002c.o(.data)
    ACC_X                                    0x1ffff6a6   Data           2  fxos8700cqr1.o(.data)
    ACC_Y                                    0x1ffff6a8   Data           2  fxos8700cqr1.o(.data)
    ACC_Z                                    0x1ffff6aa   Data           2  fxos8700cqr1.o(.data)
    MAG_X                                    0x1ffff6ac   Data           2  fxos8700cqr1.o(.data)
    MAG_Y                                    0x1ffff6ae   Data           2  fxos8700cqr1.o(.data)
    MAG_Z                                    0x1ffff6b0   Data           2  fxos8700cqr1.o(.data)
    i                                        0x1ffff6b4   Data           4  key.o(.data)
    line                                     0x1ffff6b8   Data           4  menu.o(.data)
    page                                     0x1ffff6bc   Data           4  menu.o(.data)
    menu_count                               0x1ffff6c0   Data           4  menu.o(.data)
    start_symbol                             0x1ffff6c4   Data           4  menu.o(.data)
    flag                                     0x1ffff6c8   Data           1  my_datasend.o(.data)
    Angle_Revise_EV                          0x1ffff6cc   Data           4  path_processing_inductance.o(.data)
    Track_Symbol                             0x1ffff6d0   Data           1  path_processing_inductance.o(.data)
    Circle_Num                               0x1ffff6d1   Data           1  path_processing_inductance.o(.data)
    Circle_Cnt                               0x1ffff6d2   Data           1  path_processing_inductance.o(.data)
    run_start_symbol                         0x1ffff6d3   Data           1  path_processing_inductance.o(.data)
    xjb                                      0x1ffff6d4   Data           4  path_processing_inductance.o(.data)
    Ring_Speed                               0x1ffff6d8   Data           4  path_processing_inductance.o(.data)
    Ring_Speed1                              0x1ffff6dc   Data           4  path_processing_inductance.o(.data)
    Ring_In_Wait_Cnt                         0x1ffff6e0   Data           2  path_processing_inductance.o(.data)
    Ring_In_Wait_Angle                       0x1ffff6e2   Data           1  path_processing_inductance.o(.data)
    Ring_In_Wait                             0x1ffff6e4   Data           2  path_processing_inductance.o(.data)
    Ring_In_Symbol                           0x1ffff6e6   Data           1  path_processing_inductance.o(.data)
    Ring_Out_Symbol                          0x1ffff6e7   Data           1  path_processing_inductance.o(.data)
    Ring_Cnt                                 0x1ffff6e8   Data           1  path_processing_inductance.o(.data)
    Ring_Num                                 0x1ffff6e9   Data           1  path_processing_inductance.o(.data)
    Ring_Wait_Out                            0x1ffff6ec   Data           4  path_processing_inductance.o(.data)
    Ring_Wait_In                             0x1ffff6f0   Data           4  path_processing_inductance.o(.data)
    TurnTooBig_Flag                          0x1ffff6f4   Data           1  path_processing_inductance.o(.data)
    TurnTooBig_Cnt                           0x1ffff6f6   Data           2  path_processing_inductance.o(.data)
    Ring_Delay_50                            0x1ffff6f8   Data           4  path_processing_inductance.o(.data)
    Bump_Check                               0x1ffff6fc   Data           4  path_processing_inductance.o(.data)
    Bump_Time_Count                          0x1ffff700   Data           4  path_processing_inductance.o(.data)
    Bump_Num                                 0x1ffff704   Data           1  path_processing_inductance.o(.data)
    Bump_Cnt                                 0x1ffff705   Data           1  path_processing_inductance.o(.data)
    Bump_Temp_Symbol                         0x1ffff706   Data           1  path_processing_inductance.o(.data)
    DEVIATE_Temp                             0x1ffff708   Data           2  path_processing_inductance.o(.data)
    Delay_Limit_Cnt                          0x1ffff70a   Data           2  path_processing_inductance.o(.data)
    Bump_Time_Wait                           0x1ffff70c   Data           2  path_processing_inductance.o(.data)
    Ramp_Cnt                                 0x1ffff70e   Data           1  path_processing_inductance.o(.data)
    Ramp_Num                                 0x1ffff70f   Data           1  path_processing_inductance.o(.data)
    Ramp_Time_Wait                           0x1ffff710   Data           4  path_processing_inductance.o(.data)
    Ramp_Check                               0x1ffff714   Data           1  path_processing_inductance.o(.data)
    Ramp_Time_Count                          0x1ffff718   Data           4  path_processing_inductance.o(.data)
    Ramp_Wait_Cnt                            0x1ffff71c   Data           4  path_processing_inductance.o(.data)
    Ramp_Out_Symbol                          0x1ffff720   Data           1  path_processing_inductance.o(.data)
    EV_VALUE1_Symbol                         0x1ffff724   Data           4  path_processing_inductance.o(.data)
    EV_VALUE4_Symbol                         0x1ffff728   Data           4  path_processing_inductance.o(.data)
    Special_Num                              0x1ffff72c   Data           1  path_processing_inductance.o(.data)
    Track_Symbol_Cnt                         0x1ffff72d   Data           1  path_processing_inductance.o(.data)
    Special_State                            0x1ffff72e   Data           1  path_processing_inductance.o(.data)
    Un_Track_Symbol                          0x1ffff72f   Data           1  path_processing_inductance.o(.data)
    Special_Cnt                              0x1ffff730   Data           1  path_processing_inductance.o(.data)
    Special_Delay_Cnt                        0x1ffff732   Data           2  path_processing_inductance.o(.data)
    Special_Delay5Ms_Cnt                     0x1ffff734   Data           2  path_processing_inductance.o(.data)
    Special_In_Time                          0x1ffff736   Data           2  path_processing_inductance.o(.data)
    Special_Menue_InTime                     0x1ffff738   Data           2  path_processing_inductance.o(.data)
    Gyro_x                                   0x1ffff73c   Data           4  kalman.o(.data)
    Q_angle                                  0x1ffff740   Data           4  kalman.o(.data)
    Q_gyro                                   0x1ffff744   Data           4  kalman.o(.data)
    R_angle                                  0x1ffff748   Data           4  kalman.o(.data)
    Dt                                       0x1ffff74c   Data           4  kalman.o(.data)
    C_0                                      0x1ffff750   Data           4  kalman.o(.data)
    Q_bias                                   0x1ffff754   Data           4  kalman.o(.data)
    Angle_err                                0x1ffff758   Data           4  kalman.o(.data)
    PCt_0                                    0x1ffff75c   Data           4  kalman.o(.data)
    PCt_1                                    0x1ffff760   Data           4  kalman.o(.data)
    E                                        0x1ffff764   Data           4  kalman.o(.data)
    K_0                                      0x1ffff768   Data           4  kalman.o(.data)
    K_1                                      0x1ffff76c   Data           4  kalman.o(.data)
    t_0                                      0x1ffff770   Data           4  kalman.o(.data)
    t_1                                      0x1ffff774   Data           4  kalman.o(.data)
    PP                                       0x1ffff778   Data          16  kalman.o(.data)
    Finaldata_Gyroscope                      0x1ffff788   Data           2  kalman.o(.data)
    Finaldata_ACC                            0x1ffff78a   Data           2  kalman.o(.data)
    __stdout                                 0x1ffff794   Data           4  stdout.o(.data)
    flash_data                               0x1ffff7a0   Data          78  menu.o(.bss)
    Menu_Choose                              0x1ffff7f0   Data        1216  menu.o(.bss)
    car_data                                 0x1ffffcb0   Data          16  my_datasend.o(.bss)
    Ring_Direction                           0x1ffffcc0   Data          20  path_processing_inductance.o(.bss)
    Ring_Size                                0x1ffffcd4   Data          20  path_processing_inductance.o(.bss)
    Ramp_Time                                0x1ffffce8   Data          28  path_processing_inductance.o(.bss)
    Ramp_Angle                               0x1ffffd04   Data          28  path_processing_inductance.o(.bss)
    Special_Start                            0x1ffffd20   Data          10  path_processing_inductance.o(.bss)
    Special_Angel                            0x1ffffd2a   Data          10  path_processing_inductance.o(.bss)
    Special_Delay                            0x1ffffd34   Data          20  path_processing_inductance.o(.bss)
    __initial_sp                             0x20000148   Data           0  startup_skeaz1284.o(STACK)



==============================================================================

Memory Map of the image

  Image Entry point : 0x000000c1

  Load Region LR_IROM1 (Base: 0x00000000, Size: 0x0000824c, Max: 0x00020000, ABSOLUTE, COMPRESSED[0x00007c64])

    Execution Region ER_IROM1 (Exec base: 0x00000000, Load base: 0x00000000, Size: 0x00007ab0, Max: 0x00020000, ABSOLUTE)

    Exec Addr    Load Addr    Size         Type   Attr      Idx    E Section Name        Object

    0x00000000   0x00000000   0x000000c0   Data   RO            3    RESET               startup_skeaz1284.o
    0x000000c0   0x000000c0   0x00000000   Code   RO         1699  * .ARM.Collect$$$$00000000  mc_p.l(entry.o)
    0x000000c0   0x000000c0   0x00000004   Code   RO         2013    .ARM.Collect$$$$00000001  mc_p.l(entry2.o)
    0x000000c4   0x000000c4   0x00000004   Code   RO         2016    .ARM.Collect$$$$00000004  mc_p.l(entry5.o)
    0x000000c8   0x000000c8   0x00000000   Code   RO         2018    .ARM.Collect$$$$00000008  mc_p.l(entry7b.o)
    0x000000c8   0x000000c8   0x00000000   Code   RO         2020    .ARM.Collect$$$$0000000A  mc_p.l(entry8b.o)
    0x000000c8   0x000000c8   0x00000008   Code   RO         2021    .ARM.Collect$$$$0000000B  mc_p.l(entry9a.o)
    0x000000d0   0x000000d0   0x00000000   Code   RO         2023    .ARM.Collect$$$$0000000D  mc_p.l(entry10a.o)
    0x000000d0   0x000000d0   0x00000000   Code   RO         2025    .ARM.Collect$$$$0000000F  mc_p.l(entry11a.o)
    0x000000d0   0x000000d0   0x00000004   Code   RO         2014    .ARM.Collect$$$$00002712  mc_p.l(entry2.o)
    0x000000d4   0x000000d4   0x00000028   Code   RO            5    .text               startup_skeaz1284.o
    0x000000fc   0x000000fc   0x0000002c   Code   RO         1702    .text               mc_p.l(uidiv.o)
    0x00000128   0x00000128   0x00000028   Code   RO         1704    .text               mc_p.l(idiv.o)
    0x00000150   0x00000150   0x00000024   Code   RO         1706    .text               mc_p.l(memcpya.o)
    0x00000174   0x00000174   0x00000024   Code   RO         1708    .text               mc_p.l(memseta.o)
    0x00000198   0x00000198   0x00000012   Code   RO         1710    .text               mc_p.l(strcpy.o)
    0x000001aa   0x000001aa   0x000000b2   Code   RO         1975    .text               mf_p.l(fadd.o)
    0x0000025c   0x0000025c   0x0000007a   Code   RO         1977    .text               mf_p.l(fmul.o)
    0x000002d6   0x000002d6   0x0000007c   Code   RO         1979    .text               mf_p.l(fdiv.o)
    0x00000352   0x00000352   0x00000016   Code   RO         1987    .text               mf_p.l(fflti.o)
    0x00000368   0x00000368   0x00000028   Code   RO         1991    .text               mf_p.l(dflti.o)
    0x00000390   0x00000390   0x0000001c   Code   RO         1993    .text               mf_p.l(dfltui.o)
    0x000003ac   0x000003ac   0x00000032   Code   RO         1995    .text               mf_p.l(ffixi.o)
    0x000003de   0x000003de   0x00000020   Code   RO         2030    .text               mc_p.l(llshl.o)
    0x000003fe   0x000003fe   0x00000000   Code   RO         2043    .text               mc_p.l(iusefp.o)
    0x000003fe   0x000003fe   0x00000002   Code   RO           15    i.NMI_Handler       system_skeaz1284.o
    0x00000400   0x00000400   0x00000010   Code   RO            4    .ARM.__at_0x400     startup_skeaz1284.o
    0x00000410   0x00000410   0x00000164   Code   RO         1981    .text               mf_p.l(dadd.o)
    0x00000574   0x00000574   0x000000d0   Code   RO         1983    .text               mf_p.l(dmul.o)
    0x00000644   0x00000644   0x000000f0   Code   RO         1985    .text               mf_p.l(ddiv.o)
    0x00000734   0x00000734   0x00000048   Code   RO         1997    .text               mf_p.l(dfixi.o)
    0x0000077c   0x0000077c   0x0000003c   Code   RO         1999    .text               mf_p.l(dfixui.o)
    0x000007b8   0x000007b8   0x00000028   Code   RO         2001    .text               mf_p.l(f2d.o)
    0x000007e0   0x000007e0   0x00000028   Code   RO         2003    .text               mf_p.l(cdcmple.o)
    0x00000808   0x00000808   0x00000028   Code   RO         2005    .text               mf_p.l(cdrcmple.o)
    0x00000830   0x00000830   0x00000038   Code   RO         2007    .text               mf_p.l(d2f.o)
    0x00000868   0x00000868   0x00000022   Code   RO         2032    .text               mc_p.l(llushr.o)
    0x0000088a   0x0000088a   0x00000026   Code   RO         2034    .text               mc_p.l(llsshr.o)
    0x000008b0   0x000008b0   0x00000082   Code   RO         2044    .text               mf_p.l(fepilogue.o)
    0x00000932   0x00000932   0x000000be   Code   RO         2046    .text               mf_p.l(depilogue.o)
    0x000009f0   0x000009f0   0x000000a2   Code   RO         2050    .text               mf_p.l(dsqrt.o)
    0x00000a92   0x00000a92   0x00000002   PAD
    0x00000a94   0x00000a94   0x00000024   Code   RO         2054    .text               mc_p.l(init.o)
    0x00000ab8   0x00000ab8   0x00000056   Code   RO         2064    .text               mc_p.l(__dczerorl2.o)
    0x00000b0e   0x00000b0e   0x00000002   PAD
    0x00000b10   0x00000b10   0x0000012c   Code   RO         1511    i.Bump_Judge        path_processing_inductance.o
    0x00000c3c   0x00000c3c   0x0000008c   Code   RO         1512    i.Bump_Revise       path_processing_inductance.o
    0x00000cc8   0x00000cc8   0x00000058   Code   RO         1071    i.Cascade_Control_Inside  control.o
    0x00000d20   0x00000d20   0x000000d8   Code   RO         1072    i.Cascade_Control_Outside  control.o
    0x00000df8   0x00000df8   0x0000006c   Code   RO         1513    i.Circle_Judge      path_processing_inductance.o
    0x00000e64   0x00000e64   0x00000040   Code   RO         1514    i.Deviate_Revise    path_processing_inductance.o
    0x00000ea4   0x00000ea4   0x00000e98   Code   RO         1074    i.DirectionControl  control.o
    0x00001d3c   0x00001d3c   0x000000f0   Code   RO         1075    i.DirectionControl_Inside  control.o
    0x00001e2c   0x00001e2c   0x0000003c   Code   RO          944    i.EncoderInit       all_init.o
    0x00001e68   0x00001e68   0x00000030   Code   RO          261    i.FLASH_EraseSector  kea128_flash.o
    0x00001e98   0x00001e98   0x0000004c   Code   RO          263    i.FLASH_Init        kea128_flash.o
    0x00001ee4   0x00001ee4   0x00000070   Code   RO          264    i.FLASH_WriteSector  kea128_flash.o
    0x00001f54   0x00001f54   0x00000060   Code   RO         1515    i.FM_Control        path_processing_inductance.o
    0x00001fb4   0x00001fb4   0x00000028   Code   RO         1265    i.FM_Turn           key.o
    0x00001fdc   0x00001fdc   0x0000002c   Code   RO         1183    i.FXAS21002C_GetResult  fxas21002c.o
    0x00002008   0x00002008   0x00000044   Code   RO         1184    i.FXAS21002C_Init   fxas21002c.o
    0x0000204c   0x0000204c   0x0000003c   Code   RO         1185    i.FXAS21002C_XYZ    fxas21002c.o
    0x00002088   0x00002088   0x0000002c   Code   RO         1224    i.FXOS8700CQR1_GetResult  fxos8700cqr1.o
    0x000020b4   0x000020b4   0x00000086   Code   RO         1225    i.FXOS8700CQR1_Init  fxos8700cqr1.o
    0x0000213a   0x0000213a   0x00000002   PAD
    0x0000213c   0x0000213c   0x0000003c   Code   RO         1226    i.FXOS8700CQR1_XYZ  fxos8700cqr1.o
    0x00002178   0x00002178   0x0000005c   Code   RO          265    i.FlashCmdStart     kea128_flash.o
    0x000021d4   0x000021d4   0x00000018   Code   RO         1516    i.Get_iErrordirect  path_processing_inductance.o
    0x000021ec   0x000021ec   0x00000024   Code   RO          812    i.IIC_init          seekfree_iic.o
    0x00002210   0x00002210   0x00000030   Code   RO          814    i.IIC_stop          seekfree_iic.o
    0x00002240   0x00002240   0x00000014   Code   RO          895    i.IRQ_IRQHandler    isr.o
    0x00002254   0x00002254   0x00000060   Code   RO         1076    i.IncPIDCalc_Inside  control.o
    0x000022b4   0x000022b4   0x0000042c   Code   RO         1077    i.IncPIDCalc_Outside  control.o
    0x000026e0   0x000026e0   0x000000f8   Code   RO         1078    i.Inductance_GetConversionValue  control.o
    0x000027d8   0x000027d8   0x0000001c   Code   RO          945    i.Inductance_Init   all_init.o
    0x000027f4   0x000027f4   0x00000658   Code   RO         1517    i.Island_Revise     path_processing_inductance.o
    0x00002e4c   0x00002e4c   0x00000014   Code   RO          896    i.KBI0_IRQHandler   isr.o
    0x00002e60   0x00002e60   0x0000006e   Code   RO         1266    i.KEY_Init          key.o
    0x00002ece   0x00002ece   0x00000002   PAD
    0x00002ed0   0x00002ed0   0x00000094   Code   RO         1614    i.Kaman_Gyroscope   kalman.o
    0x00002f64   0x00002f64   0x0000000c   Code   RO         1339    i.Live_Transmission_1  my_datasend.o
    0x00002f70   0x00002f70   0x00000090   Code   RO         1341    i.Live_Transmission_APP  my_datasend.o
    0x00003000   0x00003000   0x00000084   Code   RO          223    i.Mean_Value_Filtering  kea128_adc.o
    0x00003084   0x00003084   0x00000014   Code   RO          946    i.NVIC_DisableIRQ   all_init.o
    0x00003098   0x00003098   0x00000014   Code   RO         1023    i.NVIC_EnableIRQ    main.o
    0x000030ac   0x000030ac   0x00000078   Code   RO          947    i.NVIC_SetPriority  all_init.o
    0x00003124   0x00003124   0x00000038   Code   RO         1388    i.OLED_Clear        oled.o
    0x0000315c   0x0000315c   0x0000004c   Code   RO         1389    i.OLED_Clear_Part   oled.o
    0x000031a8   0x000031a8   0x00000020   Code   RO         1390    i.OLED_Delay_ms     oled.o
    0x000031c8   0x000031c8   0x000000ec   Code   RO         1391    i.OLED_Init         oled.o
    0x000032b4   0x000032b4   0x0000002e   Code   RO         1392    i.OLED_Set_XY       oled.o
    0x000032e2   0x000032e2   0x00000052   Code   RO         1393    i.OLED_WrCmd        oled.o
    0x00003334   0x00003334   0x00000052   Code   RO         1394    i.OLED_WrDat        oled.o
    0x00003386   0x00003386   0x00000002   PAD
    0x00003388   0x00003388   0x000000d0   Code   RO         1395    i.OLED_Write_Char   oled.o
    0x00003458   0x00003458   0x0000001e   Code   RO         1397    i.OLED_Write_Num1   oled.o
    0x00003476   0x00003476   0x00000054   Code   RO         1399    i.OLED_Write_Num3   oled.o
    0x000034ca   0x000034ca   0x00000078   Code   RO         1400    i.OLED_Write_Num4   oled.o
    0x00003542   0x00003542   0x00000002   PAD
    0x00003544   0x00003544   0x0000009c   Code   RO         1401    i.OLED_Write_Num5   oled.o
    0x000035e0   0x000035e0   0x0000003e   Code   RO         1402    i.OLED_Write_Num5_Revise  oled.o
    0x0000361e   0x0000361e   0x00000024   Code   RO         1403    i.OLED_Write_String  oled.o
    0x00003642   0x00003642   0x00000002   PAD
    0x00003644   0x00003644   0x00000054   Code   RO         1080    i.PIT_CH0_IRQHandler  control.o
    0x00003698   0x00003698   0x00000014   Code   RO          898    i.PIT_CH1_IRQHandler  isr.o
    0x000036ac   0x000036ac   0x00000068   Code   RO          948    i.Pit_Init          all_init.o
    0x00003714   0x00003714   0x00000278   Code   RO         1024    i.Protect_Stop      main.o
    0x0000398c   0x0000398c   0x0000027c   Code   RO         1081    i.Pwm_Control_Out   control.o
    0x00003c08   0x00003c08   0x00000180   Code   RO         1518    i.Ramp_Judge        path_processing_inductance.o
    0x00003d88   0x00003d88   0x0000008c   Code   RO         1519    i.Ramp_Revise       path_processing_inductance.o
    0x00003e14   0x00003e14   0x000000c4   Code   RO         1520    i.Regular_Track     path_processing_inductance.o
    0x00003ed8   0x00003ed8   0x00000804   Code   RO         1521    i.Ring_Judge        path_processing_inductance.o
    0x000046dc   0x000046dc   0x000000e0   Code   RO         1522    i.Special_Judge     path_processing_inductance.o
    0x000047bc   0x000047bc   0x000000e0   Code   RO         1082    i.Speed_Get         control.o
    0x0000489c   0x0000489c   0x00000060   Code   RO           16    i.Start             system_skeaz1284.o
    0x000048fc   0x000048fc   0x00000030   Code   RO         1083    i.Stop              control.o
    0x0000492c   0x0000492c   0x0000001c   Code   RO         1523    i.Track_Check       path_processing_inductance.o
    0x00004948   0x00004948   0x0000000e   Code   RO          949    i.Uart_Init         all_init.o
    0x00004956   0x00004956   0x00000002   PAD
    0x00004958   0x00004958   0x00000050   Code   RO         1342    i.Uart_Send_Data_without_DMA  my_datasend.o
    0x000049a8   0x000049a8   0x000000c0   Code   RO          950    i.Voltage_Check     all_init.o
    0x00004a68   0x00004a68   0x0000007c   Code   RO         1084    i.Yijielvbo         control.o
    0x00004ae4   0x00004ae4   0x00000020   Code   RO         1759    i.__0printf$1       mc_p.l(printf1.o)
    0x00004b04   0x00004b04   0x0000002e   Code   RO         2048    i.__ARM_clz         mf_p.l(depilogue.o)
    0x00004b32   0x00004b32   0x0000001c   Code   RO          369    i.__ARM_common_switch8  kea128_ftm.o
    0x00004b4e   0x00004b4e   0x0000000e   Code   RO         2058    i.__scatterload_copy  mc_p.l(handlers.o)
    0x00004b5c   0x00004b5c   0x00000002   Code   RO         2059    i.__scatterload_null  mc_p.l(handlers.o)
    0x00004b5e   0x00004b5e   0x0000000e   Code   RO         2060    i.__scatterload_zeroinit  mc_p.l(handlers.o)
    0x00004b6c   0x00004b6c   0x0000000c   Code   RO         2038    i.__set_errno       mc_p.l(errno.o)
    0x00004b78   0x00004b78   0x00000150   Code   RO         1766    i._printf_core      mc_p.l(printf1.o)
    0x00004cc8   0x00004cc8   0x00000018   Code   RO         1227    i.acc_delay         fxos8700cqr1.o
    0x00004ce0   0x00004ce0   0x0000002c   Code   RO          224    i.adc_init          kea128_adc.o
    0x00004d0c   0x00004d0c   0x00000034   Code   RO          225    i.adc_once          kea128_adc.o
    0x00004d40   0x00004d40   0x00000070   Code   RO          951    i.all_Init          all_init.o
    0x00004db0   0x00004db0   0x0000007c   Code   RO         1343    i.data_give         my_datasend.o
    0x00004e2c   0x00004e2c   0x00000018   Code   RO           17    i.disable_wdog      system_skeaz1284.o
    0x00004e44   0x00004e44   0x00000012   Code   RO         1649    i.fabss             calculate.o
    0x00004e56   0x00004e56   0x00000012   Code   RO          531    i.fputc             kea128_uart.o
    0x00004e68   0x00004e68   0x00000010   Code   RO          308    i.ftm_count_clean   kea128_ftm.o
    0x00004e78   0x00004e78   0x00000014   Code   RO          309    i.ftm_count_get     kea128_ftm.o
    0x00004e8c   0x00004e8c   0x0000003c   Code   RO          310    i.ftm_count_init    kea128_ftm.o
    0x00004ec8   0x00004ec8   0x000000b0   Code   RO          311    i.ftm_count_mux     kea128_ftm.o
    0x00004f78   0x00004f78   0x00000088   Code   RO          312    i.ftm_pwm_duty      kea128_ftm.o
    0x00005000   0x00005000   0x00000120   Code   RO          314    i.ftm_pwm_init      kea128_ftm.o
    0x00005120   0x00005120   0x00000134   Code   RO          315    i.ftm_pwm_mux       kea128_ftm.o
    0x00005254   0x00005254   0x000000c0   Code   RO          189    i.get_clk           common.o
    0x00005314   0x00005314   0x0000002c   Code   RO          377    i.gpio_get          kea128_gpio.o
    0x00005340   0x00005340   0x000000dc   Code   RO          378    i.gpio_init         kea128_gpio.o
    0x0000541c   0x0000541c   0x0000003c   Code   RO          379    i.gpio_set          kea128_gpio.o
    0x00005458   0x00005458   0x00000028   Code   RO          380    i.gpio_turn         kea128_gpio.o
    0x00005480   0x00005480   0x000000a8   Code   RO          663    i.i2c_Wait          kea128_i2c.o
    0x00005528   0x00005528   0x00000018   Code   RO          664    i.i2c_delay         kea128_i2c.o
    0x00005540   0x00005540   0x00000118   Code   RO          665    i.i2c_init          kea128_i2c.o
    0x00005658   0x00005658   0x000000bc   Code   RO          666    i.i2c_read_reg      kea128_i2c.o
    0x00005714   0x00005714   0x00000068   Code   RO          668    i.i2c_write_reg     kea128_i2c.o
    0x0000577c   0x0000577c   0x00000012   Code   RO         1025    i.main              main.o
    0x0000578e   0x0000578e   0x00000002   PAD
    0x00005790   0x00005790   0x00000044   Code   RO         1294    i.menu              menu.o
    0x000057d4   0x000057d4   0x00000738   Code   RO         1295    i.menu_Init         menu.o
    0x00005f0c   0x00005f0c   0x0000030c   Code   RO         1296    i.menu_display      menu.o
    0x00006218   0x00006218   0x00000a4c   Code   RO         1297    i.menu_key          menu.o
    0x00006c64   0x00006c64   0x000004a8   Code   RO         1026    i.mode_start        main.o
    0x0000710c   0x0000710c   0x00000038   Code   RO          952    i.motorInit         all_init.o
    0x00007144   0x00007144   0x00000060   Code   RO          467    i.pit_init          kea128_pit.o
    0x000071a4   0x000071a4   0x00000050   Code   RO          509    i.port_pull         kea128_port.o
    0x000071f4   0x000071f4   0x00000010   Code   RO          818    i.simiic_delay      seekfree_iic.o
    0x00007204   0x00007204   0x00000048   Code   RO         1692    i.sqrt              m_ps.l(sqrt.o)
    0x0000724c   0x0000724c   0x00000030   Code   RO          625    i.systick_delay     kea128_systick.o
    0x0000727c   0x0000727c   0x0000001c   Code   RO          626    i.systick_delay_ms  kea128_systick.o
    0x00007298   0x00007298   0x00000018   Code   RO         1186    i.tly_delay         fxas21002c.o
    0x000072b0   0x000072b0   0x000000b8   Code   RO          533    i.uart_init         kea128_uart.o
    0x00007368   0x00007368   0x00000080   Code   RO          534    i.uart_mux          kea128_uart.o
    0x000073e8   0x000073e8   0x00000020   Code   RO          536    i.uart_putchar      kea128_uart.o
    0x00007408   0x00007408   0x00000098   Code   RO         1085    i.velocity          control.o
    0x000074a0   0x000074a0   0x00000016   Data   RO          190    .constdata          common.o
    0x000074b6   0x000074b6   0x00000002   PAD
    0x000074b8   0x000074b8   0x0000000c   Data   RO          316    .constdata          kea128_ftm.o
    0x000074c4   0x000074c4   0x0000000c   Data   RO          381    .constdata          kea128_gpio.o
    0x000074d0   0x000074d0   0x00000080   Data   RO          669    .constdata          kea128_i2c.o
    0x00007550   0x00007550   0x00000540   Data   RO         1405    .constdata          oled.o
    0x00007a90   0x00007a90   0x00000020   Data   RO         2056    Region$$Table       anon$$obj.o


    Execution Region RW_IRAM1 (Exec base: 0x1ffff000, Load base: 0x00007ab0, Size: 0x00001148, Max: 0x00004000, ABSOLUTE, COMPRESSED[0x000001b4])

    Exec Addr    Load Addr    Size         Type   Attr      Idx    E Section Name        Object

    0x1ffff000   COMPRESSED   0x00000010   Data   RW          191    .data               common.o
    0x1ffff010   COMPRESSED   0x00000014   Data   RW          266    .data               kea128_flash.o
    0x1ffff024   COMPRESSED   0x0000000c   Data   RW          317    .data               kea128_ftm.o
    0x1ffff030   COMPRESSED   0x0000000c   Data   RW          542    .data               kea128_uart.o
    0x1ffff03c   COMPRESSED   0x0000000c   Data   RW          670    .data               kea128_i2c.o
    0x1ffff048   COMPRESSED   0x00000004   Data   RW          953    .data               all_init.o
    0x1ffff04c   COMPRESSED   0x000000c0   Data   RW         1027    .data               main.o
    0x1ffff10c   COMPRESSED   0x00000004   PAD
    0x1ffff110   COMPRESSED   0x0000058f   Data   RW         1086    .data               control.o
    0x1ffff69f   COMPRESSED   0x00000001   PAD
    0x1ffff6a0   COMPRESSED   0x00000006   Data   RW         1187    .data               fxas21002c.o
    0x1ffff6a6   COMPRESSED   0x0000000c   Data   RW         1228    .data               fxos8700cqr1.o
    0x1ffff6b2   COMPRESSED   0x00000002   PAD
    0x1ffff6b4   COMPRESSED   0x00000004   Data   RW         1267    .data               key.o
    0x1ffff6b8   COMPRESSED   0x00000010   Data   RW         1299    .data               menu.o
    0x1ffff6c8   COMPRESSED   0x00000001   Data   RW         1345    .data               my_datasend.o
    0x1ffff6c9   COMPRESSED   0x00000003   PAD
    0x1ffff6cc   COMPRESSED   0x0000006e   Data   RW         1525    .data               path_processing_inductance.o
    0x1ffff73a   COMPRESSED   0x00000002   PAD
    0x1ffff73c   COMPRESSED   0x00000058   Data   RW         1616    .data               kalman.o
    0x1ffff794   COMPRESSED   0x00000004   Data   RW         2027    .data               mc_p.l(stdout.o)
    0x1ffff798   COMPRESSED   0x00000004   Data   RW         2039    .data               mc_p.l(errno.o)
    0x1ffff79c   COMPRESSED   0x00000004   PAD
    0x1ffff7a0        -       0x00000510   Zero   RW         1298    .bss                menu.o
    0x1ffffcb0        -       0x00000010   Zero   RW         1344    .bss                my_datasend.o
    0x1ffffcc0        -       0x00000088   Zero   RW         1524    .bss                path_processing_inductance.o
    0x1ffffd48        -       0x00000400   Zero   RW            1    STACK               startup_skeaz1284.o


==============================================================================

Image component sizes


      Code (inc. data)   RO Data    RW Data    ZI Data      Debug   Object Name

       706         62          0          4          0      10854   all_init.o
        18          0          0          0          0        576   calculate.o
       192         32         22         16          0       2281   common.o
      6960        888          0       1423          0      16182   control.o
       196         14          0          6          0       2581   fxas21002c.o
       262         14          0         12          0       2726   fxos8700cqr1.o
        60         18          0          0          0       1360   isr.o
       148         22          0         88          0       2476   kalman.o
       228         16          0          0          0       1961   kea128_adc.o
       328         42          0         20          0       3877   kea128_flash.o
      1032         74         12         12          0       5647   kea128_ftm.o
       364         20         12          0          0       3330   kea128_gpio.o
       764         40        128         12          0       4999   kea128_i2c.o
        96         14          0          0          0        607   kea128_pit.o
        80          6          0          0          0        608   kea128_port.o
        76          8          0          0          0       1151   kea128_systick.o
       362         24          0         12          0       3241   kea128_uart.o
       150          4          0          4          0       1289   key.o
      1862        272          0        192          0      11576   main.o
      5332        640          0         16       1296       4144   menu.o
         0          0          0          0          0      11056   misc.o
       360        100          0          1         16       6510   my_datasend.o
      1306         16       1344          0          0       9544   oled.o
      5380        542          0        110        136      13379   path_processing_inductance.o
       100          0          0          0          0       1561   seekfree_iic.o
        56         30        192          0       1024       1064   startup_skeaz1284.o
       122         22          0          0          0     109361   system_skeaz1284.o

    ----------------------------------------------------------------------
     26554       2920       1744       1940       2472     233941   Object Totals
         0          0         32          0          0          0   (incl. Generated)
        14          0          2         12          0          0   (incl. Padding)

    ----------------------------------------------------------------------

      Code (inc. data)   RO Data    RW Data    ZI Data      Debug   Library Member Name

        72          6          0          0          0         76   sqrt.o
        86          0          0          0          0          0   __dczerorl2.o
         0          0          0          0          0          0   entry.o
         0          0          0          0          0          0   entry10a.o
         0          0          0          0          0          0   entry11a.o
         8          4          0          0          0          0   entry2.o
         4          0          0          0          0          0   entry5.o
         0          0          0          0          0          0   entry7b.o
         0          0          0          0          0          0   entry8b.o
         8          4          0          0          0          0   entry9a.o
        12          6          0          4          0         60   errno.o
        30          0          0          0          0          0   handlers.o
        40          0          0          0          0         72   idiv.o
        36          8          0          0          0         68   init.o
         0          0          0          0          0          0   iusefp.o
        32          0          0          0          0         68   llshl.o
        38          0          0          0          0         68   llsshr.o
        34          0          0          0          0         68   llushr.o
        36          0          0          0          0         60   memcpya.o
        36          0          0          0          0        100   memseta.o
       368         12          0          0          0        168   printf1.o
         0          0          0          4          0          0   stdout.o
        18          0          0          0          0         60   strcpy.o
        44          0          0          0          0         72   uidiv.o
        40          2          0          0          0         68   cdcmple.o
        40          2          0          0          0         68   cdrcmple.o
        56          0          0          0          0         68   d2f.o
       356          4          0          0          0        140   dadd.o
       240          6          0          0          0         84   ddiv.o
       236          0          0          0          0        216   depilogue.o
        72         10          0          0          0         72   dfixi.o
        60         10          0          0          0         68   dfixui.o
        40          6          0          0          0         68   dflti.o
        28          4          0          0          0         68   dfltui.o
       208          6          0          0          0         88   dmul.o
       162          0          0          0          0         80   dsqrt.o
        40          0          0          0          0         60   f2d.o
       178          0          0          0          0        108   fadd.o
       124          0          0          0          0         72   fdiv.o
       130          0          0          0          0        144   fepilogue.o
        50          0          0          0          0         60   ffixi.o
        22          0          0          0          0         68   fflti.o
       122          0          0          0          0         72   fmul.o

    ----------------------------------------------------------------------
      3110         90          0          8          4       2612   Library Totals
         4          0          0          0          4          0   (incl. Padding)

    ----------------------------------------------------------------------

      Code (inc. data)   RO Data    RW Data    ZI Data      Debug   Library Name

        72          6          0          0          0         76   m_ps.l
       830         34          0          8          0        864   mc_p.l
      2204         50          0          0          0       1672   mf_p.l

    ----------------------------------------------------------------------
      3110         90          0          8          4       2612   Library Totals

    ----------------------------------------------------------------------

==============================================================================


      Code (inc. data)   RO Data    RW Data    ZI Data      Debug   

     29664       3010       1744       1948       2476     230469   Grand Totals
     29664       3010       1744        436       2476     230469   ELF Image Totals (compressed)
     29664       3010       1744        436          0          0   ROM Totals

==============================================================================

    Total RO  Size (Code + RO Data)                31408 (  30.67kB)
    Total RW  Size (RW Data + ZI Data)              4424 (   4.32kB)
    Total ROM Size (Code + RO Data + RW Data)      31844 (  31.10kB)

==============================================================================

